[     252ms] [WARNING] cdn.tailwindcss.com should not be used in production. To use Tailwind CSS in production, install it as a PostCSS plugin or use the Tailwind CLI: https://tailwindcss.com/docs/installation @ https://cdn.tailwindcss.com/:63
[    3532ms] [WARNING] sigmaRadians, 0.1, is too large and will clip, as it requested 49 samples when the maximum is set to 20 @ https://cdn.jsdelivr.net/npm/three@0.160.0/build/three.module.js:16769
[    3560ms] [WARNING] sigmaRadians, 0.1, is too large and will clip, as it requested 49 samples when the maximum is set to 20 @ https://cdn.jsdelivr.net/npm/three@0.160.0/build/three.module.js:16769
[  102023ms] [WARNING] cdn.tailwindcss.com should not be used in production. To use Tailwind CSS in production, install it as a PostCSS plugin or use the Tailwind CLI: https://tailwindcss.com/docs/installation @ https://cdn.tailwindcss.com/:63
[  103416ms] [WARNING] sigmaRadians, 0.1, is too large and will clip, as it requested 49 samples when the maximum is set to 20 @ https://cdn.jsdelivr.net/npm/three@0.160.0/build/three.module.js:16769
[  103444ms] [WARNING] sigmaRadians, 0.1, is too large and will clip, as it requested 49 samples when the maximum is set to 20 @ https://cdn.jsdelivr.net/npm/three@0.160.0/build/three.module.js:16769
[  300551ms] [WARNING] cdn.tailwindcss.com should not be used in production. To use Tailwind CSS in production, install it as a PostCSS plugin or use the Tailwind CLI: https://tailwindcss.com/docs/installation @ https://cdn.tailwindcss.com/:63
[  303902ms] [WARNING] sigmaRadians, 0.1, is too large and will clip, as it requested 49 samples when the maximum is set to 20 @ https://cdn.jsdelivr.net/npm/three@0.160.0/build/three.module.js:16769
[  303927ms] [WARNING] sigmaRadians, 0.1, is too large and will clip, as it requested 49 samples when the maximum is set to 20 @ https://cdn.jsdelivr.net/npm/three@0.160.0/build/three.module.js:16769
[  392043ms] [WARNING] cdn.tailwindcss.com should not be used in production. To use Tailwind CSS in production, install it as a PostCSS plugin or use the Tailwind CLI: https://tailwindcss.com/docs/installation @ https://cdn.tailwindcss.com/:63
[  396236ms] [WARNING] sigmaRadians, 0.1, is too large and will clip, as it requested 49 samples when the maximum is set to 20 @ https://cdn.jsdelivr.net/npm/three@0.160.0/build/three.module.js:16769
[  396262ms] [WARNING] sigmaRadians, 0.1, is too large and will clip, as it requested 49 samples when the maximum is set to 20 @ https://cdn.jsdelivr.net/npm/three@0.160.0/build/three.module.js:16769
[  421047ms] [WARNING] cdn.tailwindcss.com should not be used in production. To use Tailwind CSS in production, install it as a PostCSS plugin or use the Tailwind CLI: https://tailwindcss.com/docs/installation @ https://cdn.tailwindcss.com/:63
[  422259ms] [WARNING] sigmaRadians, 0.1, is too large and will clip, as it requested 49 samples when the maximum is set to 20 @ https://cdn.jsdelivr.net/npm/three@0.160.0/build/three.module.js:16769
[  422286ms] [WARNING] sigmaRadians, 0.1, is too large and will clip, as it requested 49 samples when the maximum is set to 20 @ https://cdn.jsdelivr.net/npm/three@0.160.0/build/three.module.js:16769
[  430345ms] [WARNING] cdn.tailwindcss.com should not be used in production. To use Tailwind CSS in production, install it as a PostCSS plugin or use the Tailwind CLI: https://tailwindcss.com/docs/installation @ https://cdn.tailwindcss.com/:63
[  432658ms] [WARNING] sigmaRadians, 0.1, is too large and will clip, as it requested 49 samples when the maximum is set to 20 @ https://cdn.jsdelivr.net/npm/three@0.160.0/build/three.module.js:16769
[  432680ms] [WARNING] sigmaRadians, 0.1, is too large and will clip, as it requested 49 samples when the maximum is set to 20 @ https://cdn.jsdelivr.net/npm/three@0.160.0/build/three.module.js:16769
[  439321ms] [WARNING] cdn.tailwindcss.com should not be used in production. To use Tailwind CSS in production, install it as a PostCSS plugin or use the Tailwind CLI: https://tailwindcss.com/docs/installation @ https://cdn.tailwindcss.com/:63
[  440524ms] [WARNING] sigmaRadians, 0.1, is too large and will clip, as it requested 49 samples when the maximum is set to 20 @ https://cdn.jsdelivr.net/npm/three@0.160.0/build/three.module.js:16769
[  440551ms] [WARNING] sigmaRadians, 0.1, is too large and will clip, as it requested 49 samples when the maximum is set to 20 @ https://cdn.jsdelivr.net/npm/three@0.160.0/build/three.module.js:16769
[  447176ms] [WARNING] cdn.tailwindcss.com should not be used in production. To use Tailwind CSS in production, install it as a PostCSS plugin or use the Tailwind CLI: https://tailwindcss.com/docs/installation @ https://cdn.tailwindcss.com/:63
[  448559ms] [WARNING] sigmaRadians, 0.1, is too large and will clip, as it requested 49 samples when the maximum is set to 20 @ https://cdn.jsdelivr.net/npm/three@0.160.0/build/three.module.js:16769
[  448588ms] [WARNING] sigmaRadians, 0.1, is too large and will clip, as it requested 49 samples when the maximum is set to 20 @ https://cdn.jsdelivr.net/npm/three@0.160.0/build/three.module.js:16769
[  455231ms] [WARNING] cdn.tailwindcss.com should not be used in production. To use Tailwind CSS in production, install it as a PostCSS plugin or use the Tailwind CLI: https://tailwindcss.com/docs/installation @ https://cdn.tailwindcss.com/:63
[  456484ms] [WARNING] sigmaRadians, 0.1, is too large and will clip, as it requested 49 samples when the maximum is set to 20 @ https://cdn.jsdelivr.net/npm/three@0.160.0/build/three.module.js:16769
[  456502ms] [WARNING] sigmaRadians, 0.1, is too large and will clip, as it requested 49 samples when the maximum is set to 20 @ https://cdn.jsdelivr.net/npm/three@0.160.0/build/three.module.js:16769
[  463527ms] [WARNING] [scene3d] frame loop stalled for 704ms — restarting @ http://127.0.0.1:5500/js/scene3d.js:175
[  561014ms] [WARNING] cdn.tailwindcss.com should not be used in production. To use Tailwind CSS in production, install it as a PostCSS plugin or use the Tailwind CLI: https://tailwindcss.com/docs/installation @ https://cdn.tailwindcss.com/:63
[  562928ms] [WARNING] sigmaRadians, 0.1, is too large and will clip, as it requested 49 samples when the maximum is set to 20 @ https://cdn.jsdelivr.net/npm/three@0.160.0/build/three.module.js:16769
[  562958ms] [WARNING] sigmaRadians, 0.1, is too large and will clip, as it requested 49 samples when the maximum is set to 20 @ https://cdn.jsdelivr.net/npm/three@0.160.0/build/three.module.js:16769
